🚀 Starting Deployment...
[INFO] Repository: https://github.com/IndomakHub/stage-one-project.git
[INFO] Branch: main
[INFO] Remote Server: ubuntu@3.90.103.160
[INFO] App Port: 8080
----------------------------------------
[INFO] Updating existing repo...
From https://github.com/IndomakHub/stage-one-project
 * branch            main       -> FETCH_HEAD
Already up to date.
[INFO] Transferring files to remote server...
[INFO] Connecting to 3.90.103.160 to deploy...
== Updating and Installing Dependencies ==

WARNING: apt does not have a stable CLI interface. Use with caution in scripts.

Hit:1 http://us-east-1.ec2.archive.ubuntu.com/ubuntu noble InRelease
Hit:2 http://us-east-1.ec2.archive.ubuntu.com/ubuntu noble-updates InRelease
Hit:3 http://us-east-1.ec2.archive.ubuntu.com/ubuntu noble-backports InRelease
Hit:4 http://security.ubuntu.com/ubuntu noble-security InRelease
Reading package lists...
Building dependency tree...
Reading state information...
2 packages can be upgraded. Run 'apt list --upgradable' to see them.

WARNING: apt does not have a stable CLI interface. Use with caution in scripts.

Reading package lists...
Building dependency tree...
Reading state information...
docker.io is already the newest version (28.2.2-0ubuntu1~24.04.1).
docker-compose is already the newest version (1.29.2-6ubuntu1).
nginx is already the newest version (1.24.0-2ubuntu7.5).
0 upgraded, 0 newly installed, 0 to remove and 2 not upgraded.
== Starting Docker and Nginx ==
Synchronizing state of nginx.service with SysV service script with /usr/lib/systemd/systemd-sysv-install.
Executing: /usr/lib/systemd/systemd-sysv-install enable nginx
== Preparing Application ==
app_container
app_container
[INFO] Using Dockerfile to build and run...
DEPRECATED: The legacy builder is deprecated and will be removed in a future release.
            Install the buildx component to build images with BuildKit:
            https://docs.docker.com/go/buildx/

Sending build context to Docker daemon  121.9kB
Step 1/4 : FROM nginx:latest
 ---> 657fdcd1c365
Step 2/4 : COPY . /usr/share/nginx/html
 ---> 65edb42c737c
Step 3/4 : EXPOSE 8080
 ---> Running in e09e7c83abcc
 ---> Removed intermediate container e09e7c83abcc
 ---> 9ebf806da064
Step 4/4 : CMD ["nginx", "-g", "daemon off;"]
 ---> Running in 57fd972b3012
 ---> Removed intermediate container 57fd972b3012
 ---> e6ff61bfa99e
Successfully built e6ff61bfa99e
Successfully tagged myapp:latest
ac7d497ab79e5863d36b3e8cf6fd0ea5e35cf3368a01c2cbfe490d738d8ed329
2025/10/22 16:20:44 [emerg] 21738#21738: invalid number of arguments in "proxy_set_header" directive in /etc/nginx/sites-enabled/app:6
nginx: configuration file /etc/nginx/nginx.conf test failed
[REMOTE ERROR] Something went wrong on the server!
[ERROR] Something went wrong! Check logs/deploy_2025-10-22_17:20:12.log for details.
